---
namespace: Compile
expectation: Pass
outputs:
  - initial_ast: f63bd997a8fd51ae6dabfe0a1f9d642c0f28ba4a593aba6e3491016d8e90e705
    unrolled_ast: f63bd997a8fd51ae6dabfe0a1f9d642c0f28ba4a593aba6e3491016d8e90e705
    ssa_ast: d1d7fb6696426a5a4f110828891add9addcf44fa9412129e677986b6f4dfee49
    flattened_ast: 04ba36ab1a209f4011492b0af604fddc3655ece716593c0548515f82a35395cb
    inlined_ast: 04ba36ab1a209f4011492b0af604fddc3655ece716593c0548515f82a35395cb
    dce_ast: 04ba36ab1a209f4011492b0af604fddc3655ece716593c0548515f82a35395cb
    bytecode: f7802d16ffb5304531ce00063506d55ff82a24dd6aa659e96c46c37b597ec3e9
