---
namespace: Compile
expectation: Pass
outputs:
  - initial_ast: 2579d15b67853eaacce88986cfe8c2604a03a1f7384d1c9272019f74893e5de2
    unrolled_ast: 2579d15b67853eaacce88986cfe8c2604a03a1f7384d1c9272019f74893e5de2
    ssa_ast: 0aadaf5837c3b723a60741478b06a57ea70d49c9e8b685b9af333322278e3c4c
    flattened_ast: 6a293e6919e8e2b2d5fb48404b9965c0107e3c93a657c7e9a5562de6e8d64984
    inlined_ast: 6a293e6919e8e2b2d5fb48404b9965c0107e3c93a657c7e9a5562de6e8d64984
    dce_ast: 6a293e6919e8e2b2d5fb48404b9965c0107e3c93a657c7e9a5562de6e8d64984
    bytecode: da955e601b890215b4c0e7b8c1a0f86e02f8069c33085a8897b6d976a7759139
