---
namespace: Compile
expectation: Pass
outputs:
  - initial_ast: d018ac16daaac9ba7f9020cc0aee2084333fd737bb1e4894b7293a8d4eaa9ae3
    unrolled_ast: d018ac16daaac9ba7f9020cc0aee2084333fd737bb1e4894b7293a8d4eaa9ae3
    ssa_ast: 1d0cccfd79e4dcdea37eab9e26a4c87bed815c1cd5faf28acf74d30054f4bb9e
    flattened_ast: a2e7c80905ee9e5201cbcce79342f06f9d3d1a8b4aa08e41f83bdb022b39d628
    inlined_ast: a2e7c80905ee9e5201cbcce79342f06f9d3d1a8b4aa08e41f83bdb022b39d628
    dce_ast: a2e7c80905ee9e5201cbcce79342f06f9d3d1a8b4aa08e41f83bdb022b39d628
    bytecode: e3a22ebc4bc203291d1190f9711b5578da0f4c83b292d9f3adcf281db4922126
