---
namespace: Compile
expectation: Pass
outputs:
  - initial_ast: 873e6714527c41b8cf2b3db3236b443e8ead62c4580b57b4088c46c378524598
    unrolled_ast: 873e6714527c41b8cf2b3db3236b443e8ead62c4580b57b4088c46c378524598
    ssa_ast: d451c529bc4b3207205083e58d6521f0ea5526d63d1f77c42b40854f917316cf
    flattened_ast: 0840cf638ec3532c7702d10bbbfcf2fbfc8c8f7c54e532acb4ac46cbb7c8ed61
    inlined_ast: 0840cf638ec3532c7702d10bbbfcf2fbfc8c8f7c54e532acb4ac46cbb7c8ed61
    dce_ast: 0840cf638ec3532c7702d10bbbfcf2fbfc8c8f7c54e532acb4ac46cbb7c8ed61
    bytecode: fa960590c979aea4bdfe07b7d37060bb593f73f745974241e2db578bd7ba2ced
