---
namespace: Compile
expectation: Pass
outputs:
  - initial_ast: 152ffc231e294688968f0697d008d822594e89953eb7a9bc8c50bcfb71639732
    unrolled_ast: 152ffc231e294688968f0697d008d822594e89953eb7a9bc8c50bcfb71639732
    ssa_ast: 7235d8d2e90a5cdcfa67d1496322c854fe549409bf174b8929867b69c203bb38
    flattened_ast: f9b91e5d31e12eb5eeeae64949b7866d36faff60003075b05c8d151b2bbb67b3
    inlined_ast: f9b91e5d31e12eb5eeeae64949b7866d36faff60003075b05c8d151b2bbb67b3
    dce_ast: f9b91e5d31e12eb5eeeae64949b7866d36faff60003075b05c8d151b2bbb67b3
    bytecode: d9eaaabc3cd4c2a71842849ab67c1774ea5b405de5b9e19c2569f55ee2f5ff0d
