---
namespace: Compile
expectation: Pass
outputs:
  - initial_ast: edb8879b54b4b966ebc55213523408f0ba847c504f5d0ced9a24be35dacebc53
    unrolled_ast: edb8879b54b4b966ebc55213523408f0ba847c504f5d0ced9a24be35dacebc53
    ssa_ast: 9d15b7bbc9533605bc3097cbb840be66c9d4e2a922e63602883d8d83f3a6335f
    flattened_ast: de58053cda2d80760c7501f9e3db0af69e7fa40f543ff7cf1b0e40b0711c6730
    inlined_ast: de58053cda2d80760c7501f9e3db0af69e7fa40f543ff7cf1b0e40b0711c6730
    dce_ast: de58053cda2d80760c7501f9e3db0af69e7fa40f543ff7cf1b0e40b0711c6730
    bytecode: 70b6844282763edb6d61664583d2c30b38259b3e2df0c8fc95d1d72ff0514aa7
