---
namespace: Compile
expectation: Pass
outputs:
  - initial_ast: 7da2673aada54bb5a17fd1783f3346b49389a8f5a3777c7e43c717453e627868
    unrolled_ast: 7da2673aada54bb5a17fd1783f3346b49389a8f5a3777c7e43c717453e627868
    ssa_ast: bb05e4f93c78ac321b3dc25afdcf2fac45dc1db9a4c01e139a576594deda8b2b
    flattened_ast: 5230f944fffccae1af7e94f6e46f49b69b4f9ac21c32e2c0e7026a2d6e6071d2
    inlined_ast: 5230f944fffccae1af7e94f6e46f49b69b4f9ac21c32e2c0e7026a2d6e6071d2
    dce_ast: 5230f944fffccae1af7e94f6e46f49b69b4f9ac21c32e2c0e7026a2d6e6071d2
    bytecode: ab93704b9e34e4588d4b5e1ae347f661a182ce16fac8a45c1d95232b38564d23
