---
namespace: Compile
expectation: Pass
outputs:
  - initial_ast: 417887bbb9a8fddcc52848e4517ffd59dcaaf35512e1166df3838f0a15f7ac74
    unrolled_ast: 417887bbb9a8fddcc52848e4517ffd59dcaaf35512e1166df3838f0a15f7ac74
    ssa_ast: 95bf4aa7a18c4e152ae24292bcba2cef5c3fc2c7bea6cdc80d146f3e31ebe984
    flattened_ast: a698ca5479fd0b3b6e7a4d55f9f0c06c1390f920145357a2e3e46e8b453f5ad5
    inlined_ast: a698ca5479fd0b3b6e7a4d55f9f0c06c1390f920145357a2e3e46e8b453f5ad5
    dce_ast: b2cbcf19bf6f16d14311ac2c98820ca4ac8d34c2a14bf69784ab5f15114e297f
    bytecode: 7353ae74ad6fd49fadd68e4f452d31569c2c09189cf5840ff49af032a7aab3cd
