---
namespace: Compile
expectation: Pass
outputs:
  - initial_ast: 3b55815480779f25bc79dc7b3bbe74de65fd82c6e180c063440c316ed623e8a8
    unrolled_ast: 3b55815480779f25bc79dc7b3bbe74de65fd82c6e180c063440c316ed623e8a8
    ssa_ast: a21d90ca17c1a7731a3434cb78f70f4486adc033a2482335ff634e37f216cd58
    flattened_ast: 789b45607257d91514782f67b6229b8d5bd88e8c2be169e60e81d7dbe11c873c
    inlined_ast: 789b45607257d91514782f67b6229b8d5bd88e8c2be169e60e81d7dbe11c873c
    dce_ast: 789b45607257d91514782f67b6229b8d5bd88e8c2be169e60e81d7dbe11c873c
    bytecode: c154c5c9344d976d14c6455e9f24f6d9d9dbffde47e9bf76b6ed35ffb3a75006
