---
namespace: Compile
expectation: Pass
outputs:
  - initial_ast: 42426e586a4fe69f06466e4621a8cf4547408ad38c108a85bf0beaf812859a66
    unrolled_ast: 42426e586a4fe69f06466e4621a8cf4547408ad38c108a85bf0beaf812859a66
    ssa_ast: 4b33649beef6673aafce25c35c16c034fb41ec33fdf562751b7e51d712caf309
    flattened_ast: e2ee2ee7c6e1c187de5977f44b0a39e11d946243990eb48df92b3a3e939b3906
    inlined_ast: aae0684cc29719b75d1af553fae21f9cafd04d15fd211eeb4d8cebbf913bcd6c
    dce_ast: aae0684cc29719b75d1af553fae21f9cafd04d15fd211eeb4d8cebbf913bcd6c
    bytecode: da94a3a78e8ddb3883dafdc52da31472986f7e4a89348e03acaa1f7d1de5bb31
