---
namespace: Compile
expectation: Pass
outputs:
  - initial_ast: 25005e3cb01d03d9a62316ab1303efc28ec19c636b1b814e472b372687552b63
    unrolled_ast: 25005e3cb01d03d9a62316ab1303efc28ec19c636b1b814e472b372687552b63
    ssa_ast: 9a08c16dcad9964d3071074a12b639733e0a23a7d5ec8881dc932e20902e892e
    flattened_ast: ad596add937c514080162dd8bc3a49bdc9046775da1b3c650cf6afb9ccd7b39f
    inlined_ast: ad596add937c514080162dd8bc3a49bdc9046775da1b3c650cf6afb9ccd7b39f
    dce_ast: ad596add937c514080162dd8bc3a49bdc9046775da1b3c650cf6afb9ccd7b39f
    bytecode: 40c7270774b37bcbe32743ffb6c4500b87338670c0f188181135c6a069711375
