---
namespace: Compile
expectation: Pass
outputs:
  - initial_ast: 439fd89a480274e3cf43dbc8e9ebc50188b2dc6288fa2ce7da9d8c0211fae8ec
    unrolled_ast: 439fd89a480274e3cf43dbc8e9ebc50188b2dc6288fa2ce7da9d8c0211fae8ec
    ssa_ast: 96122b72b05f839341f0f808bf47523fc976c219e1284c2fad253ebc159d84ff
    flattened_ast: f9458e7824444415aa9f3feec4924461f49dee915429e63dec244806d3812722
    inlined_ast: f9458e7824444415aa9f3feec4924461f49dee915429e63dec244806d3812722
    dce_ast: f9458e7824444415aa9f3feec4924461f49dee915429e63dec244806d3812722
    bytecode: 4903abf35d22e4264aae4bf26b908108d11d981d069c247793cea817dd8851a7
