---
namespace: Compile
expectation: Pass
outputs:
  - initial_ast: befe0cc5d37e961c86223e95440fc29b8eeda7f9e7b0573dc6d3f956d8a3ece6
    unrolled_ast: befe0cc5d37e961c86223e95440fc29b8eeda7f9e7b0573dc6d3f956d8a3ece6
    ssa_ast: d32dc9d291fad7846b373e76610e5e83f396126a90f40a7cf2f673cff6159a36
    flattened_ast: 93a108cdde1ece68c4c7c4a4f061bd14104dc985fda2fedaa3f4deab5dad6565
    inlined_ast: 93a108cdde1ece68c4c7c4a4f061bd14104dc985fda2fedaa3f4deab5dad6565
    dce_ast: 93a108cdde1ece68c4c7c4a4f061bd14104dc985fda2fedaa3f4deab5dad6565
    bytecode: 1cfa6fc08a9f2902f0fef6da253abd33115459891219263928dbaa69b44be3cf
