---
namespace: Compile
expectation: Pass
outputs:
  - initial_ast: 2752eaa8193dc950ae07dbd8277c03fb924546879912afdc7c4709eb92155a1d
    unrolled_ast: 2752eaa8193dc950ae07dbd8277c03fb924546879912afdc7c4709eb92155a1d
    ssa_ast: 03392a93fef2cf4ac477a5850335d8a37939903c92ea49e58974ac0573dd447a
    flattened_ast: ea4f399821484f56da2ed384f7530428dcf91f5dfd227c83a785d6a50f33167f
    inlined_ast: ea4f399821484f56da2ed384f7530428dcf91f5dfd227c83a785d6a50f33167f
    dce_ast: ea4f399821484f56da2ed384f7530428dcf91f5dfd227c83a785d6a50f33167f
    bytecode: e6c7836da70dcac19600a14bc49655ff3aff5f254ca77a24b39564a3987cdb7f
