---
namespace: Compile
expectation: Pass
outputs:
  - initial_ast: b807f509b3094310b447d8eaa0605962905cfb9abbc45e214c8e307c43695515
    unrolled_ast: b807f509b3094310b447d8eaa0605962905cfb9abbc45e214c8e307c43695515
    ssa_ast: 480bc825f7733fbe9440be43fc32101d634c72cf63c22042865eeb8d54700454
    flattened_ast: 6f04dd20f5e62b04236fcf7c47eba78eb6af0555d6278afc2fc347a691790dbd
    inlined_ast: 6f04dd20f5e62b04236fcf7c47eba78eb6af0555d6278afc2fc347a691790dbd
    dce_ast: 6f04dd20f5e62b04236fcf7c47eba78eb6af0555d6278afc2fc347a691790dbd
    bytecode: d3d6361fcc04fcc6102c91ec93ca087f2248b8868883a216282223937942b9ff
