---
namespace: Compile
expectation: Pass
outputs:
  - initial_ast: d3f8cbc4837ba1b9754b3855afc124ad5b80b2993588799f5418eeda0f2633fe
    unrolled_ast: d3f8cbc4837ba1b9754b3855afc124ad5b80b2993588799f5418eeda0f2633fe
    ssa_ast: 5d2245475f2786417fbd3f2bfb1fb8c04bbdd4f5604c1e199057c7005cd528a3
    flattened_ast: 7c6e8b9ac6e3cbfe263e20973e0bae98348b6713c4d5daf9359448412284152d
    inlined_ast: 7c6e8b9ac6e3cbfe263e20973e0bae98348b6713c4d5daf9359448412284152d
    dce_ast: 7c6e8b9ac6e3cbfe263e20973e0bae98348b6713c4d5daf9359448412284152d
    bytecode: 6a831f79614e36f29287d0c38c39352d1563a85cfd3d1ffcda037ce3dd6f32bd
