---
namespace: Compile
expectation: Pass
outputs:
  - initial_ast: a38e415c9dddc3301e239a2bc4e8bc4cda3832595c80c6767b0498a31e9bb2ae
    unrolled_ast: a38e415c9dddc3301e239a2bc4e8bc4cda3832595c80c6767b0498a31e9bb2ae
    ssa_ast: 35e014ae5d9539afb5d94a52c07dcac30796fd0346f871d8dd7475696939879b
    flattened_ast: 6f947b23102ec39346fd657f2329f670a18704f2cd2caa5a35b6feebc691526b
    inlined_ast: 6f947b23102ec39346fd657f2329f670a18704f2cd2caa5a35b6feebc691526b
    dce_ast: 6f947b23102ec39346fd657f2329f670a18704f2cd2caa5a35b6feebc691526b
    bytecode: 5dd12bea92c7275bd2ef924ed8006f84593cd73bd7a517088f3350735d320ed6
