---
namespace: Compile
expectation: Pass
outputs:
  - initial_ast: 9c94ddcfd6eb76da0b195471d1d1c94e3f1900a33a5379e54c940312bd46c958
    unrolled_ast: 9c94ddcfd6eb76da0b195471d1d1c94e3f1900a33a5379e54c940312bd46c958
    ssa_ast: 7f992f62357bc9183f143a71f6577ef2d83eb39e7a1c84414adee1cfddd65e89
    flattened_ast: 23a42e341e4dea017a3214189f0b64bbb360fe44025f73f54720a028ee8aadec
    inlined_ast: 23a42e341e4dea017a3214189f0b64bbb360fe44025f73f54720a028ee8aadec
    dce_ast: 23a42e341e4dea017a3214189f0b64bbb360fe44025f73f54720a028ee8aadec
    bytecode: 494ae1254dbca57e7dedbc2d9e21e837803b3124a21a87bdba507780a7e14fd7
