---
namespace: Compile
expectation: Pass
outputs:
  - initial_ast: 6d2d9fdf337248c6f6ba13f0dba6164547855a3352467dff33d6929810f3e864
    unrolled_ast: 6d2d9fdf337248c6f6ba13f0dba6164547855a3352467dff33d6929810f3e864
    ssa_ast: 03858ad60cbdfddf5b82d406c5bf0e58f7a5261ba4b7edc474efb2ef090f969d
    flattened_ast: 8478013efd02e41b60fe74a43dc9ff3233dd62da8d5f40bc0654f08f8a11878c
    inlined_ast: 8478013efd02e41b60fe74a43dc9ff3233dd62da8d5f40bc0654f08f8a11878c
    dce_ast: 8478013efd02e41b60fe74a43dc9ff3233dd62da8d5f40bc0654f08f8a11878c
    bytecode: 7cd3cce37a87bb48f44b2f44e37be5e1821abfc3d73d7ab6a5e7e96c72f8f091
