---
namespace: Compile
expectation: Pass
outputs:
  - initial_ast: e3b5454917a0cf6c9476a28ad4e31287c0bc902b0d0b333797e681e88fa64ad5
    unrolled_ast: e3b5454917a0cf6c9476a28ad4e31287c0bc902b0d0b333797e681e88fa64ad5
    ssa_ast: 1a98abd515be7b4f957f31fa905afaa59f4c3b855131f748f5d097b90b7d675e
    flattened_ast: e45a94f688f9e5c6774951a95185f0ef6a21add5824cb49e658bf29371de1226
    inlined_ast: e45a94f688f9e5c6774951a95185f0ef6a21add5824cb49e658bf29371de1226
    dce_ast: e45a94f688f9e5c6774951a95185f0ef6a21add5824cb49e658bf29371de1226
    bytecode: dfd9659f15094e672f456a9603906d5babfca253c2b3098bc07e49aac07ca022
