---
namespace: Compile
expectation: Pass
outputs:
  - initial_ast: b9d7bcb1d2e63b483d50df63353e036743ead5687e5cd8e196216139c8bb21bc
    unrolled_ast: b9d7bcb1d2e63b483d50df63353e036743ead5687e5cd8e196216139c8bb21bc
    ssa_ast: 9558905205633f78ed47b7fc0cb43d8d7b964dbb2d8316c4a2bbabbb45a1fb74
    flattened_ast: 46cfabd88848b9cd37ec596eb13f894cf516506961d4a5f1ba2e8a3d8b560740
    inlined_ast: 46cfabd88848b9cd37ec596eb13f894cf516506961d4a5f1ba2e8a3d8b560740
    dce_ast: 46cfabd88848b9cd37ec596eb13f894cf516506961d4a5f1ba2e8a3d8b560740
    bytecode: 3a5f76958a4110b8d0388a7e489e68542029338cf78070798ea397107d10c9a6
