---
namespace: Compile
expectation: Pass
outputs:
  - initial_ast: 593dd6428166cd9d8e5d54d622da11ee36665699c25b1657db78f5267da63b47
    unrolled_ast: 593dd6428166cd9d8e5d54d622da11ee36665699c25b1657db78f5267da63b47
    ssa_ast: 32d4adb9bcd202c20584120bded3e97314b34c757a15077e17a23d90a64b86f4
    flattened_ast: 366a8cdc2f2d4af6ee7e60712d7963ffdb434e2d98c59c3bc4c3af64e729f38e
    inlined_ast: 366a8cdc2f2d4af6ee7e60712d7963ffdb434e2d98c59c3bc4c3af64e729f38e
    dce_ast: b0f1845320f15b743729402651a2847594d35f33b929d9a0ace0a580bb51f940
    bytecode: 9a1e5bb7b8d932d4afd347a856bfb38db144771f49a0d9589ef14236338e3dcf
