---
namespace: Compile
expectation: Pass
outputs:
  - initial_ast: 4122e0f35832c94f02c0402ccd3e119d2959fa0622d853236aee221c9ce75321
    unrolled_ast: 4122e0f35832c94f02c0402ccd3e119d2959fa0622d853236aee221c9ce75321
    ssa_ast: f7da86e7baa8412cedcf072b206aa14bc9066783623248d66016bbdab5b2f609
    flattened_ast: ecca31afbdf9d9cc9576617e607fcc9e6abe332e627032ac0203f39e85421bbc
    inlined_ast: ecca31afbdf9d9cc9576617e607fcc9e6abe332e627032ac0203f39e85421bbc
    dce_ast: 04c9e598ed205c643415ee43c445b30b6c6006e68eebb3dd6466e0e4ffb32a8a
    bytecode: 3a6e5f56da93ca64f10519ad72c0dfe039273274b0e88fecaec58c40d1717488
