---
namespace: Compile
expectation: Pass
outputs:
  - initial_ast: 3202d4aa18bc6baebc15adf5dc6acb8845a9d27ffc2b8c5f12a9055215f738f8
    unrolled_ast: 3202d4aa18bc6baebc15adf5dc6acb8845a9d27ffc2b8c5f12a9055215f738f8
    ssa_ast: fe5034e47db98c2403eafcf9224bf7f344d25cbf09767ee9fec76499f76589ac
    flattened_ast: 2ae01dbe584e02795a941816eaa08496a0c7cc07b182a14a05a72b6d8e420267
    inlined_ast: 2ae01dbe584e02795a941816eaa08496a0c7cc07b182a14a05a72b6d8e420267
    dce_ast: 2ae01dbe584e02795a941816eaa08496a0c7cc07b182a14a05a72b6d8e420267
    bytecode: 521ca5d8ee20c09793be83bbaa47205e8dc6839845b3e3e714b5bf5318ba1f7a
