---
namespace: Compile
expectation: Pass
outputs:
  - initial_ast: 28fb8538b8ee3643466e75141f378deddb799223d83a51da1a728dda8ea719f3
    unrolled_ast: 28fb8538b8ee3643466e75141f378deddb799223d83a51da1a728dda8ea719f3
    ssa_ast: 12a3a904f5b43f0f5a54ca64784cb19ca42e92c267754816e755a77e5a12487c
    flattened_ast: 1ecb0d6fe25281e2e4f7388315ab5df921b20057f382266f94bb17106a6fe3bf
    inlined_ast: 1ecb0d6fe25281e2e4f7388315ab5df921b20057f382266f94bb17106a6fe3bf
    dce_ast: 1ecb0d6fe25281e2e4f7388315ab5df921b20057f382266f94bb17106a6fe3bf
    bytecode: 817c700c1047a1eef944b8e6eb001bb5b301c98ff80872c134cb5d65e6e739ec
