---
namespace: Compile
expectation: Pass
outputs:
  - initial_ast: 6eb72d6107e7273725f4d0747ef42fd3df86c863016a5773513902ff84022e2d
    unrolled_ast: 6eb72d6107e7273725f4d0747ef42fd3df86c863016a5773513902ff84022e2d
    ssa_ast: 2d504509adaaded54f14dae15542a0eb94157cadc1a2210b7620a8a4c7333551
    flattened_ast: 87487ab5798c41102fda2615dfd2ad124f96906ac727e8456be0a04d18852f85
    inlined_ast: 87487ab5798c41102fda2615dfd2ad124f96906ac727e8456be0a04d18852f85
    dce_ast: 87487ab5798c41102fda2615dfd2ad124f96906ac727e8456be0a04d18852f85
    bytecode: b295d69a85960d23951d7906d80b47c30eaa713612ca063e6f70bed0e36fb779
