---
namespace: Compile
expectation: Pass
outputs:
  - initial_ast: 742707b79565934bda1e31b8346336ee3b8c6537141e9388d8e38e231451fcc8
    unrolled_ast: 742707b79565934bda1e31b8346336ee3b8c6537141e9388d8e38e231451fcc8
    ssa_ast: 469e1f04cade5a27c58106f673675bd125a80434633c9dd9850a71972956ef19
    flattened_ast: 276b7994102cc308e942242a8e68474647b0407d774791e8b4848b4625ba033a
    inlined_ast: 276b7994102cc308e942242a8e68474647b0407d774791e8b4848b4625ba033a
    dce_ast: 276b7994102cc308e942242a8e68474647b0407d774791e8b4848b4625ba033a
    bytecode: 14baafe414bb3db0919bce34efa2e0cb9be410e07822419abe1d221c68860ed3
