---
namespace: Compile
expectation: Pass
outputs:
  - initial_ast: 470701786751414b766442629342c15258389ab0c3f3589fa4645f14663e743d
    unrolled_ast: 470701786751414b766442629342c15258389ab0c3f3589fa4645f14663e743d
    ssa_ast: 5beaea9a22140ab10b7f75f899adf4b295ae7980886be645d5c64ca10f480c29
    flattened_ast: 645175bd96f067e856354a5c4574d258195fadd5e4b6597607801f652ea2482f
    inlined_ast: 645175bd96f067e856354a5c4574d258195fadd5e4b6597607801f652ea2482f
    dce_ast: 645175bd96f067e856354a5c4574d258195fadd5e4b6597607801f652ea2482f
    bytecode: b89559b0fd9e2790ecaef181d2af90bb7015a2c5894a07106eda104d8f572bed
