---
namespace: Compile
expectation: Pass
outputs:
  - initial_ast: 72cc14de90713951b62afb2c6f00794dd04a12fa6ad4a58fb5b8173cff686b41
    unrolled_ast: 72cc14de90713951b62afb2c6f00794dd04a12fa6ad4a58fb5b8173cff686b41
    ssa_ast: fa54e329fd0842e19f981f63090fac2c1bd42b2e32076005f6a93d12587f9814
    flattened_ast: d9405729b94dd28178fbae2b11a6f8d38d8d2eb942b09789257ae66af7789c79
    inlined_ast: d9405729b94dd28178fbae2b11a6f8d38d8d2eb942b09789257ae66af7789c79
    dce_ast: d9405729b94dd28178fbae2b11a6f8d38d8d2eb942b09789257ae66af7789c79
    bytecode: b069cb686a859904113693c69a78d951b07809cfec5a01f3178c7057287ba26f
