---
namespace: Compile
expectation: Pass
outputs:
  - initial_ast: 649e0c08d20cf5a5e548aad910543dc816b8ea29c05a0763e64cfccbc86d4dee
    unrolled_ast: 649e0c08d20cf5a5e548aad910543dc816b8ea29c05a0763e64cfccbc86d4dee
    ssa_ast: b7de892b4fbc55b7c2c94233a9e9e89677abe4faaeaa10e43fc37c19b8851de0
    flattened_ast: e96650bfcc1c76391564d982521c3e77865de7e7a5215950fc1ca69f7096cab4
    inlined_ast: e96650bfcc1c76391564d982521c3e77865de7e7a5215950fc1ca69f7096cab4
    dce_ast: 21154e5f0ae8de65800e415b5aaf804080955cf74e6f58549b847f07ba870093
    bytecode: 9a1e5bb7b8d932d4afd347a856bfb38db144771f49a0d9589ef14236338e3dcf
