---
namespace: Compile
expectation: Pass
outputs:
  - initial_ast: 6cf9d56ddea61750c730fe1d73bdce39c4a242e824cd87bf25ea78849f94ab65
    unrolled_ast: 6cf9d56ddea61750c730fe1d73bdce39c4a242e824cd87bf25ea78849f94ab65
    ssa_ast: 3046a4802596d57c3a3701b06be2169860135bcdff6c74196ea5b2da6fbb2e59
    flattened_ast: 1e128bc7c199d9657fda2a861dc43157e1e06273b9d2241483ad5294018b350c
    inlined_ast: 1e128bc7c199d9657fda2a861dc43157e1e06273b9d2241483ad5294018b350c
    dce_ast: 1e128bc7c199d9657fda2a861dc43157e1e06273b9d2241483ad5294018b350c
    bytecode: cf2304e9005774e8f4d611278dc0c52a55c4430daa32c89f4a039b7502672341
