---
namespace: Compile
expectation: Pass
outputs:
  - initial_ast: e0d67d3fc32d97e514f540ca35b1c7b0bf731c94654f9972e8821a6757555669
    unrolled_ast: e0d67d3fc32d97e514f540ca35b1c7b0bf731c94654f9972e8821a6757555669
    ssa_ast: af7995ecf79feeaf80b9ce9504d1ddc977870c0df863ad9f9f46d4b9bb7be2b0
    flattened_ast: a8b292eaeed679819c3e5f621e18459f98f5c1634a55265c849943d901f0c2cf
    inlined_ast: a8b292eaeed679819c3e5f621e18459f98f5c1634a55265c849943d901f0c2cf
    dce_ast: a8b292eaeed679819c3e5f621e18459f98f5c1634a55265c849943d901f0c2cf
    bytecode: 3553218fd9386759250fd70bcba85e542a360420e40e2e9552438de21101057f
