---
namespace: Compile
expectation: Pass
outputs:
  - initial_ast: f74685e110f50e6bcea61849cdf19353602ba399d112f91a41eb92045b0e27e2
    unrolled_ast: f74685e110f50e6bcea61849cdf19353602ba399d112f91a41eb92045b0e27e2
    ssa_ast: bdb25a73f7c6f9384cb0f47549feafacb9805bff18fea3df28a785922368affc
    flattened_ast: 4144c164a96551f3efb1ea77d88fe218327b72d7c0ff44205f552ff5481a7b51
    inlined_ast: 4144c164a96551f3efb1ea77d88fe218327b72d7c0ff44205f552ff5481a7b51
    dce_ast: 4144c164a96551f3efb1ea77d88fe218327b72d7c0ff44205f552ff5481a7b51
    bytecode: 9e7146c34af0d087b4b34caf78d2f65deb95229eb41978c01b9c9fea88766703
